// Jest Snapshot v1, https://goo.gl/fbAQLP

exports[`Calculator component should match Calculator snapshot render 1`] = `ShallowWrapper {}`;
