// Jest Snapshot v1, https://goo.gl/fbAQLP

exports[`Calculator component should match Display snapshot render 1`] = `ShallowWrapper {}`;
