// Jest Snapshot v1, https://goo.gl/fbAQLP

exports[`App component should match App snapshot render 1`] = `ShallowWrapper {}`;
